Microchip MPLAB XC8 Compiler V2.31

Linker command line:

-W-3 --edf=C:\Program Files\Microchip\xc8\v2.31\pic\dat\en_msgs.txt -cn \
  -h+dist/default/production\Master.X.production.sym \
  --cmf=dist/default/production\Master.X.production.cmf -z -Q16F887 \
  -oC:\Users\swimm\AppData\Local\Temp\s51c.2 --defsym=__MPLAB_BUILD=1 \
  -Mdist/default/production/Master.X.production.map -E1 -ver=XC8 Compiler \
  --acfsm=1493 -ASTACK=0110h-016Fh -pstack=STACK -ACODE=00h-07FFhx4 \
  -ASTRCODE=00h-01FFFh -ASTRING=00h-0FFhx32 -ACONST=00h-0FFhx32 \
  -AENTRY=00h-0FFhx32 -ACOMMON=070h-07Fh -ABANK0=020h-06Fh \
  -ABANK1=0A0h-0EFh -ABANK2=0110h-016Fh -ABANK3=0190h-01EFh \
  -ARAM=020h-06Fh,0A0h-0EFh,0110h-016Fh,0190h-01EFh \
  -AABS1=020h-07Fh,0A0h-0EFh,0110h-016Fh,0190h-01EFh -ASFR0=00h-01Fh \
  -ASFR1=080h-09Fh -ASFR2=0100h-010Fh -ASFR3=0180h-018Fh \
  -ACONFIG=02007h-02008h -DCONFIG=2 -AIDLOC=02000h-02003h -DIDLOC=2 \
  -AEEDATA=00h-0FFh/02100h -peeprom_data=EEDATA -DEEDATA=2 -DCODE=2 \
  -DSTRCODE=2 -DSTRING=2 -DCONST=2 -DENTRY=2 \
  -preset_vec=00h,intentry,init,end_init -ppowerup=CODE -pcinit=CODE \
  -pfunctab=ENTRY -k C:\Users\swimm\AppData\Local\Temp\s51c.o \
  dist/default/production\Master.X.production.o 

Object code version is 3.11

Machine type is 16F887



                Name                               Link     Load   Length Selector   Space Scale
C:\Users\swimm\AppData\Local\Temp\s51c.o
                end_init                              0        0        3        0       0
                config                             2007     2007        2        0       4
dist/default/production\Master.X.production.o
                cinit                               7F3      7F3        D      FE6       0
                config                             2007     2007        2        0       4
                text24                               FF       FF       69      1FE       0
                text23                              F4A      F4A       59     1E94       0
                text22                               33       33       66       66       0
                text21                              D93      D93        D     1B26       0
                text20                                5        5       2E        A       0
                text19                              D77      D77        9     1AEE       0
                text18                              D80      D80        9     1B00       0
                text17                              D89      D89        A     1B12       0
                text16                              DED      DED       27     1BDA       0
                text15                              492      492      361      924       0
                text14                              168      168       7C      2D0       0
                text13                              1E4      1E4       BA      3C8       0
                text12                               99       99       66      132       0
                text11                              E14      E14       38     1C28       0
                text10                              DBC      DBC       13     1B78       0
                text9                               DA0      DA0        D     1B40       0
                text8                               FA3      FA3       5D     1F46       0
                text7                               DCF      DCF       1E     1B9E       0
                text6                               DAD      DAD        F     1B5A       0
                text5                               EC4      EC4       42     1D88       0
                text4                               E86      E86       3E     1D0C       0
                text3                               F06      F06       44     1E0C       0
                text2                               E4C      E4C       3A     1C98       0
                text1                               29E      29E       E8      53C       0
                maintext                            386      386      10C      70C       0
                cstackBANK0                          20       20       2A       20       1
                cstackCOMMON                         70       70        E       70       1
                bssBANK0                             4A       4A        7       20       1
                strings                             800      800       35     1000       0

TOTAL           Name                               Link     Load   Length     Space
        CLASS   STACK          

        CLASS   CODE           
                end_init                              0        0        3         0
                cinit                               7F3      7F3        D         0
                text24                               FF       FF       69         0
                text23                              F4A      F4A       59         0
                text22                               33       33       66         0
                text21                              D93      D93        D         0
                text20                                5        5       2E         0
                text19                              D77      D77        9         0
                text18                              D80      D80        9         0
                text17                              D89      D89        A         0
                text16                              DED      DED       27         0
                text15                              492      492      361         0
                text14                              168      168       7C         0
                text13                              1E4      1E4       BA         0
                text12                               99       99       66         0
                text11                              E14      E14       38         0
                text10                              DBC      DBC       13         0
                text9                               DA0      DA0        D         0
                text8                               FA3      FA3       5D         0
                text7                               DCF      DCF       1E         0
                text6                               DAD      DAD        F         0
                text5                               EC4      EC4       42         0
                text4                               E86      E86       3E         0
                text3                               F06      F06       44         0
                text2                               E4C      E4C       3A         0
                text1                               29E      29E       E8         0
                maintext                            386      386      10C         0

        CLASS   STRCODE        

        CLASS   STRING         
                strings                             800      800       35         0

        CLASS   CONST          

        CLASS   ENTRY          

        CLASS   COMMON         
                cstackCOMMON                         70       70        E         1

        CLASS   BANK0          
                cstackBANK0                          20       20       2A         1
                bssBANK0                             4A       4A        7         1

        CLASS   BANK1          

        CLASS   BANK2          

        CLASS   BANK3          

        CLASS   RAM            

        CLASS   ABS1           
                abs_s1                               7E       7E        2         1

        CLASS   SFR0           

        CLASS   SFR1           

        CLASS   SFR2           

        CLASS   SFR3           

        CLASS   CONFIG         
                config                             2007     2007        2         4

        CLASS   IDLOC          

        CLASS   EEDATA         



SEGMENTS        Name                           Load    Length   Top    Selector   Space  Class     Delta

                reset_vec                      000000  000003  000003         0       0  CODE        2
                text20                         000005  00002E  000033         A       0  CODE        2
                cstackBANK0                    000020  000031  000051        20       1  BANK0       1
                text22                         000033  000066  000099        66       0  CODE        2
                cstackCOMMON                   000070  00000E  00007E        70       1  COMMON      1
                text12                         000099  000066  0000FF       132       0  CODE        2
                text24                         0000FF  000069  000168       1FE       0  CODE        2
                text14                         000168  00007C  0001E4       2D0       0  CODE        2
                text13                         0001E4  0000BA  00029E       3C8       0  CODE        2
                text1                          00029E  0000E8  000386       53C       0  CODE        2
                maintext                       000386  00010C  000492       70C       0  CODE        2
                text15                         000492  000361  0007F3       924       0  CODE        2
                cinit                          0007F3  00000D  000800       FE6       0  CODE        2
                strings                        000800  000035  000835      1000       0  STRING      2
                text19                         000D77  000009  000D80      1AEE       0  CODE        2
                text18                         000D80  000009  000D89      1B00       0  CODE        2
                text17                         000D89  00000A  000D93      1B12       0  CODE        2
                text21                         000D93  00000D  000DA0      1B26       0  CODE        2
                text9                          000DA0  00000D  000DAD      1B40       0  CODE        2
                text6                          000DAD  00000F  000DBC      1B5A       0  CODE        2
                text10                         000DBC  000013  000DCF      1B78       0  CODE        2
                text7                          000DCF  00001E  000DED      1B9E       0  CODE        2
                text16                         000DED  000027  000E14      1BDA       0  CODE        2
                text11                         000E14  000038  000E4C      1C28       0  CODE        2
                text2                          000E4C  00003A  000E86      1C98       0  CODE        2
                text4                          000E86  00003E  000EC4      1D0C       0  CODE        2
                text5                          000EC4  000042  000F06      1D88       0  CODE        2
                text3                          000F06  000044  000F4A      1E0C       0  CODE        2
                text23                         000F4A  000059  000FA3      1E94       0  CODE        2
                text8                          000FA3  00005D  001000      1F46       0  CODE        2


UNUSED ADDRESS RANGES

        Name                Unused          Largest block    Delta
        BANK0            0051-006F             1F           1
        BANK1            00A0-00EF             50           1
        BANK2            0110-016F             60           1
        BANK3            0190-01EF             60           1
        CODE             0003-0004              2           2
                         0835-0D76            542
                         1000-1FFF            800
        CONST            0003-0004              2           2
                         0835-0D76            100
                         1000-1FFF            100
        EEDATA           2100-21FF            100           2
        ENTRY            0003-0004              2           2
                         0835-0D76            100
                         1000-1FFF            100
        IDLOC            2000-2003              4           2
        RAM              0051-006F             1F           1
                         00A0-00EF             50
                         0110-016F             60
                         0190-01EF             60
        SFR0             0000-001F             20           1
        SFR1             0080-009F             20           1
        SFR2             0100-010F             10           1
        SFR3             0180-018F             10           1
        STACK            0110-016F             60           1
        STRCODE          0003-0004              2           2
                         0835-0D76            542
                         1000-1FFF           1000
        STRING           0003-0004              2           2
                         0835-0D76            100
                         1000-1FFF            100

                                  Symbol Table

?_I2C_Master_Read          cstackCOMMON 0070
?__Umul8_16                cstackCOMMON 0070
?___awdiv                  cstackCOMMON 0077
?___awmod                  cstackCOMMON 0070
?___flmul                  cstackBANK0  0020
?___fltol                  cstackBANK0  003A
?___lldiv                  cstackCOMMON 0070
?___lwdiv                  cstackCOMMON 0070
?___lwmod                  cstackCOMMON 0078
?___xxtofl                 cstackCOMMON 0070
?_sprintf                  cstackBANK0  0020
Division@y                 cstackBANK0  0029
I2C_Master_Init@c          cstackBANK0  0020
I2C_Master_Read@a          cstackCOMMON 0070
I2C_Master_Read@temp       cstackCOMMON 0074
I2C_Master_Write@d         cstackCOMMON 0070
Lcd_Cmd@a                  cstackCOMMON 0072
Lcd_Set_Cursor@a           cstackCOMMON 0074
Lcd_Set_Cursor@b           cstackCOMMON 0073
Lcd_Write_Char@a           cstackCOMMON 0071
Lcd_Write_String@a         cstackCOMMON 0072
Lcd_Write_String@i         cstackCOMMON 0077
_ANSEL                     (abs)        0188
_ANSELH                    (abs)        0189
_Division                  text22       0033
_Division$887              cstackBANK0  0027
_GIE                       (abs)        005F
_I2C_Master_Init           text11       0E14
_I2C_Master_Read           text20       0005
_I2C_Master_Start          text19       0D77
_I2C_Master_Stop           text18       0D80
_I2C_Master_Wait           text21       0D93
_I2C_Master_Write          text17       0D89
_Lcd_Clear                 text9        0DA0
_Lcd_Cmd                   text10       0DBC
_Lcd_Init                  text8        0FA3
_Lcd_Set_Cursor            text7        0DCF
_Lcd_Write_Char            text6        0DAD
_Lcd_Write_String          text5        0EC4
_OSCCONbits                (abs)        008F
_PEIE                      (abs)        005E
_PORTB                     (abs)        0006
_PORTD                     (abs)        0008
_RC6                       (abs)        003E
_RC7                       (abs)        003F
_SSPADD                    (abs)        0093
_SSPBUF                    (abs)        0013
_SSPCON                    (abs)        0014
_SSPCON2                   (abs)        0091
_SSPCON2bits               (abs)        0091
_SSPIE                     (abs)        0463
_SSPIF                     (abs)        0063
_SSPSTAT                   (abs)        0094
_TRISA                     (abs)        0085
_TRISB                     (abs)        0086
_TRISC                     (abs)        0087
_TRISC3                    (abs)        043B
_TRISC4                    (abs)        043C
_TRISCbits                 (abs)        0087
_TRISD                     (abs)        0088
__Habs1                    abs1         0000
__Hbank0                   bank0        0000
__Hbank1                   bank1        0000
__Hbank2                   bank2        0000
__Hbank3                   bank3        0000
__HbssBANK0                bssBANK0     0000
__Hcinit                   cinit        0800
__Hclrtext                 clrtext      0000
__Hcode                    code         0000
__Hcommon                  common       0000
__Hconfig                  config       2009
__HcstackBANK0             cstackBANK0  0000
__HcstackCOMMON            cstackCOMMON 0000
__Heeprom_data             eeprom_data  0000
__Hend_init                end_init     0003
__Hfunctab                 functab      0000
__Hinit                    init         0000
__Hintentry                intentry     0000
__Hmaintext                maintext     0000
__Hpowerup                 powerup      0000
__Hram                     ram          0000
__Hreset_vec               reset_vec    0000
__Hsfr0                    sfr0         0000
__Hsfr1                    sfr1         0000
__Hsfr2                    sfr2         0000
__Hsfr3                    sfr3         0000
__Hspace_0                 (abs)        1000
__Hspace_1                 (abs)        007E
__Hspace_2                 (abs)        0000
__Hspace_3                 (abs)        0000
__Hspace_4                 (abs)        4010
__Hstack                   stack        0000
__Hstrings                 strings      0000
__Htext                    text         0000
__Labs1                    abs1         0000
__Lbank0                   bank0        0000
__Lbank1                   bank1        0000
__Lbank2                   bank2        0000
__Lbank3                   bank3        0000
__LbssBANK0                bssBANK0     0000
__Lcinit                   cinit        07F3
__Lclrtext                 clrtext      0000
__Lcode                    code         0000
__Lcommon                  common       0000
__Lconfig                  config       0000
__LcstackBANK0             cstackBANK0  0000
__LcstackCOMMON            cstackCOMMON 0000
__Leeprom_data             eeprom_data  0000
__Lend_init                end_init     0000
__Lfunctab                 functab      0000
__Linit                    init         0000
__Lintentry                intentry     0000
__Lmaintext                maintext     0000
__Lpowerup                 powerup      0000
__Lram                     ram          0000
__Lreset_vec               reset_vec    0000
__Lsfr0                    sfr0         0000
__Lsfr1                    sfr1         0000
__Lsfr2                    sfr2         0000
__Lsfr3                    sfr3         0000
__Lspace_0                 (abs)        0000
__Lspace_1                 (abs)        0000
__Lspace_2                 (abs)        0000
__Lspace_3                 (abs)        0000
__Lspace_4                 (abs)        0000
__Lstack                   stack        0000
__Lstrings                 strings      0000
__Ltext                    text         0000
__S0                       (abs)        1000
__S1                       (abs)        007E
__S2                       (abs)        0000
__S3                       (abs)        0000
__Umul8_16                 text16       0DED
__Umul8_16@multiplicand    cstackCOMMON 0070
__Umul8_16@multiplier      cstackCOMMON 0078
__Umul8_16@product         cstackCOMMON 0074
__Umul8_16@word_mpld       cstackCOMMON 0076
___awdiv                   text24       00FF
___awdiv@counter           cstackBANK0  0020
___awdiv@dividend          cstackCOMMON 0079
___awdiv@divisor           cstackCOMMON 0077
___awdiv@quotient          cstackBANK0  0022
___awdiv@sign              cstackBANK0  0021
___awmod                   text23       0F4A
___awmod@counter           cstackCOMMON 0075
___awmod@dividend          cstackCOMMON 0072
___awmod@divisor           cstackCOMMON 0070
___awmod@sign              cstackCOMMON 0076
___flmul                   text15       0492
___flmul@a                 cstackBANK0  0024
___flmul@aexp              cstackBANK0  0032
___flmul@b                 cstackBANK0  0020
___flmul@bexp              cstackBANK0  0033
___flmul@grs               cstackBANK0  002E
___flmul@prod              cstackBANK0  0034
___flmul@sign              cstackBANK0  002D
___flmul@temp              cstackBANK0  0038
___fltol                   text14       0168
___fltol@exp1              cstackBANK0  0044
___fltol@f1                cstackBANK0  003A
___fltol@sign1             cstackBANK0  0043
___int_sp                  stack        0000
___latbits                 (abs)        0002
___lldiv                   text12       0099
___lldiv@counter           cstackCOMMON 007D
___lldiv@dividend          cstackCOMMON 0074
___lldiv@divisor           cstackCOMMON 0070
___lldiv@quotient          cstackCOMMON 0079
___lwdiv                   text3        0F06
___lwdiv@counter           cstackCOMMON 0077
___lwdiv@dividend          cstackCOMMON 0072
___lwdiv@divisor           cstackCOMMON 0070
___lwdiv@quotient          cstackCOMMON 0075
___lwmod                   text2        0E4C
___lwmod@counter           cstackCOMMON 007D
___lwmod@dividend          cstackCOMMON 007A
___lwmod@divisor           cstackCOMMON 0078
___sp                      stack        0000
___stackhi                 (abs)        0000
___stacklo                 (abs)        0000
___xxtofl                  text13       01E4
___xxtofl@arg              cstackCOMMON 007A
___xxtofl@exp              cstackCOMMON 0079
___xxtofl@sign             cstackCOMMON 0078
___xxtofl@val              cstackCOMMON 0070
__end_of_Division          text22       0099
__end_of_I2C_Master_Init   text11       0E4C
__end_of_I2C_Master_Read   text20       0033
__end_of_I2C_Master_Start  text19       0D80
__end_of_I2C_Master_Stop   text18       0D89
__end_of_I2C_Master_Wait   text21       0DA0
__end_of_I2C_Master_Write  text17       0D93
__end_of_Lcd_Clear         text9        0DAD
__end_of_Lcd_Cmd           text10       0DCF
__end_of_Lcd_Init          text8        1000
__end_of_Lcd_Set_Cursor    text7        0DED
__end_of_Lcd_Write_Char    text6        0DBC
__end_of_Lcd_Write_String  text5        0F06
__end_of__Umul8_16         text16       0E14
__end_of___awdiv           text24       0168
__end_of___awmod           text23       0FA3
__end_of___flmul           text15       07F3
__end_of___fltol           text14       01E4
__end_of___lldiv           text12       00FF
__end_of___lwdiv           text3        0F4A
__end_of___lwmod           text2        0E86
__end_of___xxtofl          text13       029E
__end_of__initialization   cinit        07FC
__end_of__stringtab        strings      0810
__end_of_dpowers           strings      081A
__end_of_main              maintext     0492
__end_of_setup             text4        0EC4
__end_of_sprintf           text1        0386
__initialization           cinit        07F3
__pbssBANK0                bssBANK0     004A
__pcstackBANK0             cstackBANK0  0020
__pcstackCOMMON            cstackCOMMON 0070
__pmaintext                maintext     0386
__pstrings                 strings      0800
__ptext1                   text1        029E
__ptext10                  text10       0DBC
__ptext11                  text11       0E14
__ptext12                  text12       0099
__ptext13                  text13       01E4
__ptext14                  text14       0168
__ptext15                  text15       0492
__ptext16                  text16       0DED
__ptext17                  text17       0D89
__ptext18                  text18       0D80
__ptext19                  text19       0D77
__ptext2                   text2        0E4C
__ptext20                  text20       0005
__ptext21                  text21       0D93
__ptext22                  text22       0033
__ptext23                  text23       0F4A
__ptext24                  text24       00FF
__ptext3                   text3        0F06
__ptext4                   text4        0E86
__ptext5                   text5        0EC4
__ptext6                   text6        0DAD
__ptext7                   text7        0DCF
__ptext8                   text8        0FA3
__ptext9                   text9        0DA0
__size_of_Division         (abs)        0000
__size_of_I2C_Master_Init  (abs)        0000
__size_of_I2C_Master_Read  (abs)        0000
__size_of_I2C_Master_Start (abs)        0000
__size_of_I2C_Master_Stop  (abs)        0000
__size_of_I2C_Master_Wait  (abs)        0000
__size_of_I2C_Master_Write (abs)        0000
__size_of_Lcd_Clear        (abs)        0000
__size_of_Lcd_Cmd          (abs)        0000
__size_of_Lcd_Init         (abs)        0000
__size_of_Lcd_Set_Cursor   (abs)        0000
__size_of_Lcd_Write_Char   (abs)        0000
__size_of_Lcd_Write_String (abs)        0000
__size_of__Umul8_16        (abs)        0000
__size_of___awdiv          (abs)        0000
__size_of___awmod          (abs)        0000
__size_of___flmul          (abs)        0000
__size_of___fltol          (abs)        0000
__size_of___lldiv          (abs)        0000
__size_of___lwdiv          (abs)        0000
__size_of___lwmod          (abs)        0000
__size_of___xxtofl         (abs)        0000
__size_of_main             (abs)        0000
__size_of_setup            (abs)        0000
__size_of_sprintf          (abs)        0000
__stringbase               strings      080F
__stringtab                strings      0800
_buffer                    bssBANK0     0050
_cen                       bssBANK0     004D
_con                       bssBANK0     004E
_dec                       bssBANK0     004C
_dpowers                   strings      0810
_main                      maintext     0386
_pot                       bssBANK0     004F
_setup                     text4        0E86
_sprintf                   text1        029E
_uni                       bssBANK0     004B
_vol                       bssBANK0     004A
btemp                      (abs)        007E
end_of_initialization      cinit        07FC
intlevel0                  functab      0000
intlevel1                  functab      0000
intlevel2                  functab      0000
intlevel3                  functab      0000
intlevel4                  functab      0000
intlevel5                  functab      0000
reset_vec                  reset_vec    0000
sprintf@ap                 cstackBANK0  0026
sprintf@c                  cstackBANK0  002C
sprintf@f                  cstackBANK0  0020
sprintf@flag               cstackBANK0  0027
sprintf@prec               cstackBANK0  0028
sprintf@sp                 cstackBANK0  002B
sprintf@val                cstackBANK0  0029
start                      init         0000
start_initialization       cinit        07F3
wtemp0                     (abs)        007E


FUNCTION INFORMATION:

 *************** function _main *****************
 Defined at:
		line 60 in file "Master_I2C.c"
 Parameters:    Size  Location     Type
		None
 Auto vars:     Size  Location     Type
		None
 Return value:  Size  Location     Type
                  1    wreg      void 
 Registers used:
		wreg, fsr0l, fsr0h, status,2, status,0, btemp+1, pclath, cstack
 Tracked objects:
		On entry : 
		On exit  : 
		Unchanged: 
 Data sizes:     COMMON   BANK0   BANK1   BANK3   BANK2
      Params:         0       0       0       0       0
      Locals:         0       0       0       0       0
      Temps:          0       5       0       0       0
      Totals:         0       5       0       0       0
Total ram usage:        5 bytes
 Hardware stack levels required when called:    3
 This function calls:
		_Division
		_I2C_Master_Read
		_I2C_Master_Start
		_I2C_Master_Stop
		_I2C_Master_Write
		_Lcd_Set_Cursor
		_Lcd_Write_String
		___flmul
		___fltol
		___xxtofl
		_setup
		_sprintf
 This function is called by:
		Startup code after reset
 This function uses a non-reentrant model


 *************** function _sprintf *****************
 Defined at:
		line 505 in file "C:\Program Files\Microchip\xc8\v2.31\pic\sources\c90\common\doprnt.c"
 Parameters:    Size  Location     Type
  sp              1    wreg     PTR unsigned char 
		 -> buffer(1), 
  f               1    0[BANK0 ] PTR const unsigned char 
		 -> STR_4(3), STR_3(5), STR_2(6), 
 Auto vars:     Size  Location     Type
  sp              1   11[BANK0 ] PTR unsigned char 
		 -> buffer(1), 
  tmpval          4    0        struct .
  val             2    9[BANK0 ] unsigned int 
  cp              2    0        PTR const unsigned char 
  len             2    0        unsigned int 
  c               1   12[BANK0 ] unsigned char 
  prec            1    8[BANK0 ] char 
  flag            1    7[BANK0 ] unsigned char 
  ap              1    6[BANK0 ] PTR void [1]
		 -> ?_sprintf(2), 
 Return value:  Size  Location     Type
                  2    0[BANK0 ] int 
 Registers used:
		wreg, fsr0l, fsr0h, status,2, status,0, btemp+1, pclath, cstack
 Tracked objects:
		On entry : 
		On exit  : 
		Unchanged: 
 Data sizes:     COMMON   BANK0   BANK1   BANK3   BANK2
      Params:         0       3       0       0       0
      Locals:         0       7       0       0       0
      Temps:          0       3       0       0       0
      Totals:         0      13       0       0       0
Total ram usage:       13 bytes
 Hardware stack levels used:    1
 Hardware stack levels required when called:    1
 This function calls:
		___lwdiv
		___lwmod
 This function is called by:
		_main
 This function uses a non-reentrant model


 *************** function ___lwmod *****************
 Defined at:
		line 5 in file "C:\Program Files\Microchip\xc8\v2.31\pic\sources\c90\common\lwmod.c"
 Parameters:    Size  Location     Type
  divisor         2    8[COMMON] unsigned int 
  dividend        2   10[COMMON] unsigned int 
 Auto vars:     Size  Location     Type
  counter         1   13[COMMON] unsigned char 
 Return value:  Size  Location     Type
                  2    8[COMMON] unsigned int 
 Registers used:
		wreg, status,2, status,0
 Tracked objects:
		On entry : 
		On exit  : 
		Unchanged: 
 Data sizes:     COMMON   BANK0   BANK1   BANK3   BANK2
      Params:         4       0       0       0       0
      Locals:         1       0       0       0       0
      Temps:          1       0       0       0       0
      Totals:         6       0       0       0       0
Total ram usage:        6 bytes
 Hardware stack levels used:    1
 This function calls:
		Nothing
 This function is called by:
		_sprintf
 This function uses a non-reentrant model


 *************** function ___lwdiv *****************
 Defined at:
		line 5 in file "C:\Program Files\Microchip\xc8\v2.31\pic\sources\c90\common\lwdiv.c"
 Parameters:    Size  Location     Type
  divisor         2    0[COMMON] unsigned int 
  dividend        2    2[COMMON] unsigned int 
 Auto vars:     Size  Location     Type
  quotient        2    5[COMMON] unsigned int 
  counter         1    7[COMMON] unsigned char 
 Return value:  Size  Location     Type
                  2    0[COMMON] unsigned int 
 Registers used:
		wreg, status,2, status,0
 Tracked objects:
		On entry : 
		On exit  : 
		Unchanged: 
 Data sizes:     COMMON   BANK0   BANK1   BANK3   BANK2
      Params:         4       0       0       0       0
      Locals:         3       0       0       0       0
      Temps:          1       0       0       0       0
      Totals:         8       0       0       0       0
Total ram usage:        8 bytes
 Hardware stack levels used:    1
 This function calls:
		Nothing
 This function is called by:
		_sprintf
 This function uses a non-reentrant model


 *************** function _setup *****************
 Defined at:
		line 39 in file "Master_I2C.c"
 Parameters:    Size  Location     Type
		None
 Auto vars:     Size  Location     Type
		None
 Return value:  Size  Location     Type
                  1    wreg      void 
 Registers used:
		wreg, fsr0l, fsr0h, status,2, status,0, btemp+1, pclath, cstack
 Tracked objects:
		On entry : 
		On exit  : 
		Unchanged: 
 Data sizes:     COMMON   BANK0   BANK1   BANK3   BANK2
      Params:         0       0       0       0       0
      Locals:         0       0       0       0       0
      Temps:          0       0       0       0       0
      Totals:         0       0       0       0       0
Total ram usage:        0 bytes
 Hardware stack levels used:    1
 Hardware stack levels required when called:    2
 This function calls:
		_I2C_Master_Init
		_Lcd_Clear
		_Lcd_Init
		_Lcd_Set_Cursor
		_Lcd_Write_String
 This function is called by:
		_main
 This function uses a non-reentrant model


 *************** function _Lcd_Write_String *****************
 Defined at:
		line 72 in file "LCD.c"
 Parameters:    Size  Location     Type
  a               2    2[COMMON] PTR unsigned char 
		 -> buffer(1), STR_1(16), 
 Auto vars:     Size  Location     Type
  i               2    7[COMMON] int 
 Return value:  Size  Location     Type
                  1    wreg      void 
 Registers used:
		wreg, fsr0l, fsr0h, status,2, status,0, btemp+1, pclath, cstack
 Tracked objects:
		On entry : 
		On exit  : 
		Unchanged: 
 Data sizes:     COMMON   BANK0   BANK1   BANK3   BANK2
      Params:         2       0       0       0       0
      Locals:         2       0       0       0       0
      Temps:          3       0       0       0       0
      Totals:         7       0       0       0       0
Total ram usage:        7 bytes
 Hardware stack levels used:    1
 Hardware stack levels required when called:    1
 This function calls:
		_Lcd_Write_Char
 This function is called by:
		_setup
		_main
 This function uses a non-reentrant model


 *************** function _Lcd_Write_Char *****************
 Defined at:
		line 58 in file "LCD.c"
 Parameters:    Size  Location     Type
  a               1    wreg     unsigned char 
 Auto vars:     Size  Location     Type
  a               1    1[COMMON] unsigned char 
 Return value:  Size  Location     Type
                  1    wreg      void 
 Registers used:
		wreg
 Tracked objects:
		On entry : 
		On exit  : 
		Unchanged: 
 Data sizes:     COMMON   BANK0   BANK1   BANK3   BANK2
      Params:         0       0       0       0       0
      Locals:         1       0       0       0       0
      Temps:          1       0       0       0       0
      Totals:         2       0       0       0       0
Total ram usage:        2 bytes
 Hardware stack levels used:    1
 This function calls:
		Nothing
 This function is called by:
		_Lcd_Write_String
 This function uses a non-reentrant model


 *************** function _Lcd_Set_Cursor *****************
 Defined at:
		line 29 in file "LCD.c"
 Parameters:    Size  Location     Type
  a               1    wreg     unsigned char 
  b               1    3[COMMON] unsigned char 
 Auto vars:     Size  Location     Type
  a               1    4[COMMON] unsigned char 
 Return value:  Size  Location     Type
                  1    wreg      void 
 Registers used:
		wreg, status,2, status,0, pclath, cstack
 Tracked objects:
		On entry : 
		On exit  : 
		Unchanged: 
 Data sizes:     COMMON   BANK0   BANK1   BANK3   BANK2
      Params:         1       0       0       0       0
      Locals:         1       0       0       0       0
      Temps:          0       0       0       0       0
      Totals:         2       0       0       0       0
Total ram usage:        2 bytes
 Hardware stack levels used:    1
 Hardware stack levels required when called:    1
 This function calls:
		_Lcd_Cmd
 This function is called by:
		_setup
		_main
 This function uses a non-reentrant model


 *************** function _Lcd_Init *****************
 Defined at:
		line 39 in file "LCD.c"
 Parameters:    Size  Location     Type
		None
 Auto vars:     Size  Location     Type
		None
 Return value:  Size  Location     Type
                  1    wreg      void 
 Registers used:
		wreg, status,2, status,0, pclath, cstack
 Tracked objects:
		On entry : 
		On exit  : 
		Unchanged: 
 Data sizes:     COMMON   BANK0   BANK1   BANK3   BANK2
      Params:         0       0       0       0       0
      Locals:         0       0       0       0       0
      Temps:          2       0       0       0       0
      Totals:         2       0       0       0       0
Total ram usage:        2 bytes
 Hardware stack levels used:    1
 Hardware stack levels required when called:    1
 This function calls:
		_Lcd_Cmd
 This function is called by:
		_setup
 This function uses a non-reentrant model


 *************** function _Lcd_Clear *****************
 Defined at:
		line 24 in file "LCD.c"
 Parameters:    Size  Location     Type
		None
 Auto vars:     Size  Location     Type
		None
 Return value:  Size  Location     Type
                  1    wreg      void 
 Registers used:
		wreg, status,2, status,0, pclath, cstack
 Tracked objects:
		On entry : 
		On exit  : 
		Unchanged: 
 Data sizes:     COMMON   BANK0   BANK1   BANK3   BANK2
      Params:         0       0       0       0       0
      Locals:         0       0       0       0       0
      Temps:          0       0       0       0       0
      Totals:         0       0       0       0       0
Total ram usage:        0 bytes
 Hardware stack levels used:    1
 Hardware stack levels required when called:    1
 This function calls:
		_Lcd_Cmd
 This function is called by:
		_setup
 This function uses a non-reentrant model


 *************** function _Lcd_Cmd *****************
 Defined at:
		line 16 in file "LCD.c"
 Parameters:    Size  Location     Type
  a               1    wreg     unsigned char 
 Auto vars:     Size  Location     Type
  a               1    2[COMMON] unsigned char 
 Return value:  Size  Location     Type
                  1    wreg      void 
 Registers used:
		wreg
 Tracked objects:
		On entry : 
		On exit  : 
		Unchanged: 
 Data sizes:     COMMON   BANK0   BANK1   BANK3   BANK2
      Params:         0       0       0       0       0
      Locals:         1       0       0       0       0
      Temps:          2       0       0       0       0
      Totals:         3       0       0       0       0
Total ram usage:        3 bytes
 Hardware stack levels used:    1
 This function calls:
		Nothing
 This function is called by:
		_Lcd_Clear
		_Lcd_Set_Cursor
		_Lcd_Init
		_Lcd_Shift_Right
		_Lcd_Shift_Left
 This function uses a non-reentrant model


 *************** function _I2C_Master_Init *****************
 Defined at:
		line 16 in file "I2C_2.c"
 Parameters:    Size  Location     Type
  c               4    0[BANK0 ] const unsigned long 
 Auto vars:     Size  Location     Type
		None
 Return value:  Size  Location     Type
                  1    wreg      void 
 Registers used:
		wreg, status,2, status,0, pclath, cstack
 Tracked objects:
		On entry : 
		On exit  : 
		Unchanged: 
 Data sizes:     COMMON   BANK0   BANK1   BANK3   BANK2
      Params:         0       4       0       0       0
      Locals:         0       0       0       0       0
      Temps:          0       4       0       0       0
      Totals:         0       8       0       0       0
Total ram usage:        8 bytes
 Hardware stack levels used:    1
 Hardware stack levels required when called:    1
 This function calls:
		___lldiv
 This function is called by:
		_setup
 This function uses a non-reentrant model


 *************** function ___lldiv *****************
 Defined at:
		line 5 in file "C:\Program Files\Microchip\xc8\v2.31\pic\sources\c90\common\__lldiv.c"
 Parameters:    Size  Location     Type
  divisor         4    0[COMMON] unsigned long 
  dividend        4    4[COMMON] unsigned long 
 Auto vars:     Size  Location     Type
  quotient        4    9[COMMON] unsigned long 
  counter         1   13[COMMON] unsigned char 
 Return value:  Size  Location     Type
                  4    0[COMMON] unsigned long 
 Registers used:
		wreg, status,2, status,0
 Tracked objects:
		On entry : 
		On exit  : 
		Unchanged: 
 Data sizes:     COMMON   BANK0   BANK1   BANK3   BANK2
      Params:         8       0       0       0       0
      Locals:         5       0       0       0       0
      Temps:          1       0       0       0       0
      Totals:        14       0       0       0       0
Total ram usage:       14 bytes
 Hardware stack levels used:    1
 This function calls:
		Nothing
 This function is called by:
		_I2C_Master_Init
 This function uses a non-reentrant model


 *************** function ___xxtofl *****************
 Defined at:
		line 10 in file "C:\Program Files\Microchip\xc8\v2.31\pic\sources\c90\common\xxtofl.c"
 Parameters:    Size  Location     Type
  sign            1    wreg     unsigned char 
  val             4    0[COMMON] long 
 Auto vars:     Size  Location     Type
  sign            1    8[COMMON] unsigned char 
  arg             4   10[COMMON] unsigned long 
  exp             1    9[COMMON] unsigned char 
 Return value:  Size  Location     Type
                  4    0[COMMON] unsigned char 
 Registers used:
		wreg, status,2, status,0
 Tracked objects:
		On entry : 
		On exit  : 
		Unchanged: 
 Data sizes:     COMMON   BANK0   BANK1   BANK3   BANK2
      Params:         4       0       0       0       0
      Locals:         6       0       0       0       0
      Temps:          4       0       0       0       0
      Totals:        14       0       0       0       0
Total ram usage:       14 bytes
 Hardware stack levels used:    1
 This function calls:
		Nothing
 This function is called by:
		_main
 This function uses a non-reentrant model


 *************** function ___fltol *****************
 Defined at:
		line 43 in file "C:\Program Files\Microchip\xc8\v2.31\pic\sources\c90\common\fltol.c"
 Parameters:    Size  Location     Type
  f1              4   26[BANK0 ] unsigned char 
 Auto vars:     Size  Location     Type
  exp1            1   36[BANK0 ] unsigned char 
  sign1           1   35[BANK0 ] unsigned char 
 Return value:  Size  Location     Type
                  4   26[BANK0 ] long 
 Registers used:
		wreg, status,2, status,0
 Tracked objects:
		On entry : 
		On exit  : 
		Unchanged: 
 Data sizes:     COMMON   BANK0   BANK1   BANK3   BANK2
      Params:         0       4       0       0       0
      Locals:         0       2       0       0       0
      Temps:          0       5       0       0       0
      Totals:         0      11       0       0       0
Total ram usage:       11 bytes
 Hardware stack levels used:    1
 This function calls:
		Nothing
 This function is called by:
		_main
 This function uses a non-reentrant model


 *************** function ___flmul *****************
 Defined at:
		line 8 in file "C:\Program Files\Microchip\xc8\v2.31\pic\sources\c90\common\sprcmul.c"
 Parameters:    Size  Location     Type
  b               4    0[BANK0 ] long 
  a               4    4[BANK0 ] long 
 Auto vars:     Size  Location     Type
  prod            4   20[BANK0 ] struct .
  grs             4   14[BANK0 ] unsigned long 
  temp            2   24[BANK0 ] struct .
  bexp            1   19[BANK0 ] unsigned char 
  aexp            1   18[BANK0 ] unsigned char 
  sign            1   13[BANK0 ] unsigned char 
 Return value:  Size  Location     Type
                  4    0[BANK0 ] unsigned char 
 Registers used:
		wreg, status,2, status,0, btemp+1, pclath, cstack
 Tracked objects:
		On entry : 
		On exit  : 
		Unchanged: 
 Data sizes:     COMMON   BANK0   BANK1   BANK3   BANK2
      Params:         0       8       0       0       0
      Locals:         0      13       0       0       0
      Temps:          0       5       0       0       0
      Totals:         0      26       0       0       0
Total ram usage:       26 bytes
 Hardware stack levels used:    1
 Hardware stack levels required when called:    1
 This function calls:
		__Umul8_16
 This function is called by:
		_main
 This function uses a non-reentrant model


 *************** function __Umul8_16 *****************
 Defined at:
		line 4 in file "C:\Program Files\Microchip\xc8\v2.31\pic\sources\c90\common\Umul8_16.c"
 Parameters:    Size  Location     Type
  multiplier      1    wreg     unsigned char 
  multiplicand    1    0[COMMON] unsigned char 
 Auto vars:     Size  Location     Type
  multiplier      1    8[COMMON] unsigned char 
  word_mpld       2    6[COMMON] unsigned int 
  product         2    4[COMMON] unsigned int 
 Return value:  Size  Location     Type
                  2    0[COMMON] unsigned int 
 Registers used:
		wreg, status,2, status,0
 Tracked objects:
		On entry : 
		On exit  : 
		Unchanged: 
 Data sizes:     COMMON   BANK0   BANK1   BANK3   BANK2
      Params:         2       0       0       0       0
      Locals:         5       0       0       0       0
      Temps:          2       0       0       0       0
      Totals:         9       0       0       0       0
Total ram usage:        9 bytes
 Hardware stack levels used:    1
 This function calls:
		Nothing
 This function is called by:
		___flmul
 This function uses a non-reentrant model


 *************** function _I2C_Master_Write *****************
 Defined at:
		line 65 in file "I2C_2.c"
 Parameters:    Size  Location     Type
  d               2    0[COMMON] unsigned int 
 Auto vars:     Size  Location     Type
		None
 Return value:  Size  Location     Type
                  1    wreg      void 
 Registers used:
		wreg, status,2, status,0, pclath, cstack
 Tracked objects:
		On entry : 
		On exit  : 
		Unchanged: 
 Data sizes:     COMMON   BANK0   BANK1   BANK3   BANK2
      Params:         2       0       0       0       0
      Locals:         0       0       0       0       0
      Temps:          0       0       0       0       0
      Totals:         2       0       0       0       0
Total ram usage:        2 bytes
 Hardware stack levels used:    1
 Hardware stack levels required when called:    1
 This function calls:
		_I2C_Master_Wait
 This function is called by:
		_main
 This function uses a non-reentrant model


 *************** function _I2C_Master_Stop *****************
 Defined at:
		line 55 in file "I2C_2.c"
 Parameters:    Size  Location     Type
		None
 Auto vars:     Size  Location     Type
		None
 Return value:  Size  Location     Type
                  1    wreg      void 
 Registers used:
		wreg, status,2, status,0, pclath, cstack
 Tracked objects:
		On entry : 
		On exit  : 
		Unchanged: 
 Data sizes:     COMMON   BANK0   BANK1   BANK3   BANK2
      Params:         0       0       0       0       0
      Locals:         0       0       0       0       0
      Temps:          0       0       0       0       0
      Totals:         0       0       0       0       0
Total ram usage:        0 bytes
 Hardware stack levels used:    1
 Hardware stack levels required when called:    1
 This function calls:
		_I2C_Master_Wait
 This function is called by:
		_main
 This function uses a non-reentrant model


 *************** function _I2C_Master_Start *****************
 Defined at:
		line 39 in file "I2C_2.c"
 Parameters:    Size  Location     Type
		None
 Auto vars:     Size  Location     Type
		None
 Return value:  Size  Location     Type
                  1    wreg      void 
 Registers used:
		wreg, status,2, status,0, pclath, cstack
 Tracked objects:
		On entry : 
		On exit  : 
		Unchanged: 
 Data sizes:     COMMON   BANK0   BANK1   BANK3   BANK2
      Params:         0       0       0       0       0
      Locals:         0       0       0       0       0
      Temps:          0       0       0       0       0
      Totals:         0       0       0       0       0
Total ram usage:        0 bytes
 Hardware stack levels used:    1
 Hardware stack levels required when called:    1
 This function calls:
		_I2C_Master_Wait
 This function is called by:
		_main
 This function uses a non-reentrant model


 *************** function _I2C_Master_Read *****************
 Defined at:
		line 74 in file "I2C_2.c"
 Parameters:    Size  Location     Type
  a               2    0[COMMON] unsigned short 
 Auto vars:     Size  Location     Type
  temp            2    4[COMMON] unsigned short 
 Return value:  Size  Location     Type
                  2    0[COMMON] unsigned short 
 Registers used:
		wreg, status,2, status,0, pclath, cstack
 Tracked objects:
		On entry : 
		On exit  : 
		Unchanged: 
 Data sizes:     COMMON   BANK0   BANK1   BANK3   BANK2
      Params:         2       0       0       0       0
      Locals:         2       0       0       0       0
      Temps:          2       0       0       0       0
      Totals:         6       0       0       0       0
Total ram usage:        6 bytes
 Hardware stack levels used:    1
 Hardware stack levels required when called:    1
 This function calls:
		_I2C_Master_Wait
 This function is called by:
		_main
 This function uses a non-reentrant model


 *************** function _I2C_Master_Wait *****************
 Defined at:
		line 32 in file "I2C_2.c"
 Parameters:    Size  Location     Type
		None
 Auto vars:     Size  Location     Type
		None
 Return value:  Size  Location     Type
                  1    wreg      void 
 Registers used:
		wreg, status,2
 Tracked objects:
		On entry : 
		On exit  : 
		Unchanged: 
 Data sizes:     COMMON   BANK0   BANK1   BANK3   BANK2
      Params:         0       0       0       0       0
      Locals:         0       0       0       0       0
      Temps:          0       0       0       0       0
      Totals:         0       0       0       0       0
Total ram usage:        0 bytes
 Hardware stack levels used:    1
 This function calls:
		Nothing
 This function is called by:
		_I2C_Master_Start
		_I2C_Master_Stop
		_I2C_Master_Write
		_I2C_Master_Read
		_I2C_Master_RepeatedStart
 This function uses a non-reentrant model


 *************** function _Division *****************
 Defined at:
		line 33 in file "Master_I2C.c"
 Parameters:    Size  Location     Type
  y               1    wreg     unsigned char 
 Auto vars:     Size  Location     Type
  y               1    9[BANK0 ] unsigned char 
 Return value:  Size  Location     Type
                  1    wreg      void 
 Registers used:
		wreg, status,2, status,0, pclath, cstack
 Tracked objects:
		On entry : 
		On exit  : 
		Unchanged: 
 Data sizes:     COMMON   BANK0   BANK1   BANK3   BANK2
      Params:         0       0       0       0       0
      Locals:         0       3       0       0       0
      Temps:          0       3       0       0       0
      Totals:         0       6       0       0       0
Total ram usage:        6 bytes
 Hardware stack levels used:    1
 Hardware stack levels required when called:    1
 This function calls:
		___awdiv
		___awmod
 This function is called by:
		_main
 This function uses a non-reentrant model


 *************** function ___awmod *****************
 Defined at:
		line 5 in file "C:\Program Files\Microchip\xc8\v2.31\pic\sources\c90\common\awmod.c"
 Parameters:    Size  Location     Type
  divisor         2    0[COMMON] int 
  dividend        2    2[COMMON] int 
 Auto vars:     Size  Location     Type
  sign            1    6[COMMON] unsigned char 
  counter         1    5[COMMON] unsigned char 
 Return value:  Size  Location     Type
                  2    0[COMMON] int 
 Registers used:
		wreg, status,2, status,0
 Tracked objects:
		On entry : 
		On exit  : 
		Unchanged: 
 Data sizes:     COMMON   BANK0   BANK1   BANK3   BANK2
      Params:         4       0       0       0       0
      Locals:         2       0       0       0       0
      Temps:          1       0       0       0       0
      Totals:         7       0       0       0       0
Total ram usage:        7 bytes
 Hardware stack levels used:    1
 This function calls:
		Nothing
 This function is called by:
		_Division
 This function uses a non-reentrant model


 *************** function ___awdiv *****************
 Defined at:
		line 5 in file "C:\Program Files\Microchip\xc8\v2.31\pic\sources\c90\common\awdiv.c"
 Parameters:    Size  Location     Type
  divisor         2    7[COMMON] int 
  dividend        2    9[COMMON] int 
 Auto vars:     Size  Location     Type
  quotient        2    2[BANK0 ] int 
  sign            1    1[BANK0 ] unsigned char 
  counter         1    0[BANK0 ] unsigned char 
 Return value:  Size  Location     Type
                  2    7[COMMON] int 
 Registers used:
		wreg, status,2, status,0
 Tracked objects:
		On entry : 
		On exit  : 
		Unchanged: 
 Data sizes:     COMMON   BANK0   BANK1   BANK3   BANK2
      Params:         4       0       0       0       0
      Locals:         0       4       0       0       0
      Temps:          1       0       0       0       0
      Totals:         5       4       0       0       0
Total ram usage:        9 bytes
 Hardware stack levels used:    1
 This function calls:
		Nothing
 This function is called by:
		_Division
 This function uses a non-reentrant model



MODULE INFORMATION

Module		Function		Class		Link	Load	Size
C:\Program Files\Microchip\xc8\v2.31\pic\sources\c90\common\sprcmul.c
		___flmul       		CODE           	0492	0000	865

C:\Program Files\Microchip\xc8\v2.31\pic\sources\c90\common\sprcmul.c estimated size: 865

C:\Program Files\Microchip\xc8\v2.31\pic\sources\c90\common\__lldiv.c
		___lldiv       		CODE           	0099	0000	102

C:\Program Files\Microchip\xc8\v2.31\pic\sources\c90\common\__lldiv.c estimated size: 102

I2C_2.c
		_I2C_Master_Read		CODE           	0005	0000	46
		_I2C_Master_Wait		CODE           	0D93	0000	13
		_I2C_Master_Init		CODE           	0E14	0000	56
		_I2C_Master_Stop		CODE           	0D80	0000	9
		_I2C_Master_Write		CODE           	0D89	0000	10
		_I2C_Master_Start		CODE           	0D77	0000	9

I2C_2.c estimated size: 143

C:\Program Files\Microchip\xc8\v2.31\pic\sources\c90\common\Umul8_16.c
		__Umul8_16     		CODE           	0DED	0000	39

C:\Program Files\Microchip\xc8\v2.31\pic\sources\c90\common\Umul8_16.c estimated size: 39

C:\Program Files\Microchip\xc8\v2.31\pic\sources\c90\common\doprnt.c
		_sprintf       		CODE           	029E	0000	232

C:\Program Files\Microchip\xc8\v2.31\pic\sources\c90\common\doprnt.c estimated size: 232

C:\Program Files\Microchip\xc8\v2.31\pic\sources\c90\common\lwmod.c
		___lwmod       		CODE           	0E4C	0000	58

C:\Program Files\Microchip\xc8\v2.31\pic\sources\c90\common\lwmod.c estimated size: 58

C:\Program Files\Microchip\xc8\v2.31\pic\sources\c90\common\awmod.c
		___awmod       		CODE           	0F4A	0000	89

C:\Program Files\Microchip\xc8\v2.31\pic\sources\c90\common\awmod.c estimated size: 89

C:\Program Files\Microchip\xc8\v2.31\pic\sources\c90\common\lwdiv.c
		___lwdiv       		CODE           	0F06	0000	68

C:\Program Files\Microchip\xc8\v2.31\pic\sources\c90\common\lwdiv.c estimated size: 68

C:\Program Files\Microchip\xc8\v2.31\pic\sources\c90\common\awdiv.c
		___awdiv       		CODE           	00FF	0000	105

C:\Program Files\Microchip\xc8\v2.31\pic\sources\c90\common\awdiv.c estimated size: 105

shared
		__stringtab    		STRING         	0800	0000	16
		_dpowers       		STRING         	0810	0000	10
		__initialization		CODE           	07F3	0000	9

shared estimated size: 35

C:\Program Files\Microchip\xc8\v2.31\pic\sources\c90\common\fltol.c
		___fltol       		CODE           	0168	0000	124

C:\Program Files\Microchip\xc8\v2.31\pic\sources\c90\common\fltol.c estimated size: 124

C:\Program Files\Microchip\xc8\v2.31\pic\sources\c90\common\xxtofl.c
		___xxtofl      		CODE           	01E4	0000	186

C:\Program Files\Microchip\xc8\v2.31\pic\sources\c90\common\xxtofl.c estimated size: 186

Master_I2C.c
		_main          		CODE           	0386	0000	268
		_Division      		CODE           	0033	0000	102
		_setup         		CODE           	0E86	0000	62

Master_I2C.c estimated size: 432

LCD.c
		_Lcd_Write_String		CODE           	0EC4	0000	66
		_Lcd_Init      		CODE           	0FA3	0000	93
		_Lcd_Write_Char		CODE           	0DAD	0000	15
		_Lcd_Cmd       		CODE           	0DBC	0000	19
		_Lcd_Set_Cursor		CODE           	0DCF	0000	30
		_Lcd_Clear     		CODE           	0DA0	0000	13

LCD.c estimated size: 236

